// Jest Snapshot v1, https://goo.gl/fbAQLP

exports[`PostLoader getPostBySlug gets a post with a custom slug by slug 1`] = `
Object {
  "customMp3FileName": "STA Ep 0 - Welcome",
  "customSlug": "0-welcome",
  "description": "Audrow Nash introduces the Sense Think Act Podcast.",
  "duration": Object {
    "hours": 0,
    "minutes": 4,
    "seconds": 39,
  },
  "excerpt": "Audrow Nash introduces the Sense Think Act Podcast.",
  "mp3": Object {
    "sizeBytes": 9097894,
    "url": "https://ftp.osuosl.org/pub/ros/download.ros.org/sensethinkact/episodes/STA%20Ep%200%20-%20Welcome.mp3",
  },
  "mp3SizeBytes": 9097894,
  "slug": "0-welcome",
  "tags": Array [
    "announcement",
  ],
  "title": "Welcome to Sense Think Act",
  "url": "https://sensethinkact.com/episodes/0-welcome",
  "youtube": Object {
    "mainContentId": "welcome",
  },
}
`;

exports[`PostLoader getPostBySlug gets a post with a number by slug 1`] = `
Object {
  "description": "In this episode, Audrow Nash speaks to Charles Brian Quinn (aka, CBQ), CEO and a Co-Founder of Greenzie. Greenzie make an autonomous driving system for commercial lawn mowers. We talk about Greenzie's autonomous mowing system, how Greenzie has worked with manufacturers to up-fit their system into comercial mowers, how Greenzie does dog-fooding, safety and standards, and about CBQ's experiences bootstrapping and with venture capital.",
  "duration": Object {
    "hours": 1,
    "minutes": 51,
    "seconds": 46,
  },
  "excerpt": "CBQ is the CEO and a Co-Founder of Greenzie.",
  "guests": "CBQ",
  "links": Array [
    Object {
      "name": "CBQ's website",
      "url": "https://www.seebq.com/",
    },
    Object {
      "name": "Greenzie's website",
      "url": "https://www.greenzie.com/",
    },
    Object {
      "name": "Greenzie's YouTube channel",
      "url": "https://www.youtube.com/c/Greenzie",
    },
  ],
  "mp3": Object {
    "sizeBytes": 225870038,
    "url": "https://ftp.osuosl.org/pub/ros/download.ros.org/sensethinkact/episodes/STA%20Ep%2011%20-%20CBQ.mp3",
  },
  "mp3SizeBytes": 225870038,
  "number": 11,
  "slug": "11-cbq",
  "tags": Array [
    "startup",
    "software",
    "sensor fusion",
    "autonomous driving",
    "mowers",
    "safety",
    "dogfooding",
  ],
  "title": "Commercial-grade Autonomous Mowers, Safety, and Dogfooding",
  "url": "https://sensethinkact.com/episodes/11-cbq",
  "youtube": Object {
    "clips": Array [
      Object {
        "baseTitle": "Does it Detect Sprinkler Heads?",
        "videoId": "ahUd_2Uydps",
      },
      Object {
        "baseTitle": "Making Perfect Turns",
        "videoId": "odAvY-ojVAA",
      },
      Object {
        "baseTitle": "Seasonal Workers",
        "videoId": "6CfAz0z07I4",
      },
      Object {
        "baseTitle": "Leap of Faith",
        "videoId": "8oVBa43dQGw",
      },
      Object {
        "baseTitle": "Differences Between Kids and Poles",
        "videoId": "HrraVxtyxok",
      },
    ],
    "mainContentId": "pBWLSmoBj54",
  },
}
`;

exports[`PostLoader init creates a tag list 1`] = `
Array [
  "announcement",
  "autonomous driving",
  "behavior trees",
  "control",
  "dogfooding",
  "mowers",
  "safety",
  "sensor fusion",
  "software",
  "startup",
  "state machines",
]
`;
